Menu Principal
1 - Novo
2 - Abrir
0 - Sair
Escolha uma opção: Menu Principal
1 - Novo
2 - Abrir
3 - Guardar
4 - Login
5 - Menu Shell
6 - Menu Utilizador
0 - Sair
Escolha uma opção: Identificador do utilizador: Login: Operação inválida: O utilizador 'qwerty' não existe.
Menu Principal
1 - Novo
2 - Abrir
3 - Guardar
4 - Login
5 - Menu Shell
6 - Menu Utilizador
0 - Sair
Escolha uma opção: 